// Jest Snapshot v1, https://goo.gl/fbAQLP

exports[`should match snapshot 1`] = `
{
  "p-accordion": {
    "hasAriaProp": false,
    "hasObserveAttributes": false,
    "hasObserveChildren": false,
    "hasSlot": true,
    "hasSlottedCss": false,
    "isDelegatingFocus": false,
    "isInternal": false,
    "isThemeable": true,
    "props": [
      {
        "size": "small",
      },
      {
        "theme": "light",
      },
      {
        "heading": null,
      },
      {
        "tag": "h2",
      },
      {
        "open": null,
      },
      {
        "compact": null,
      },
    ],
    "styling": "jss",
  },
  "p-banner": {
    "hasAriaProp": false,
    "hasObserveAttributes": false,
    "hasObserveChildren": false,
    "hasSlot": true,
    "hasSlottedCss": true,
    "isDelegatingFocus": false,
    "isInternal": false,
    "isThemeable": true,
    "props": [
      {
        "state": "neutral",
      },
      {
        "persistent": false,
      },
      {
        "width": "basic",
      },
      {
        "theme": "light",
      },
    ],
    "styling": "jss",
  },
  "p-button": {
    "hasAriaProp": true,
    "hasObserveAttributes": false,
    "hasObserveChildren": false,
    "hasSlot": true,
    "hasSlottedCss": false,
    "isDelegatingFocus": true,
    "isInternal": false,
    "isThemeable": true,
    "props": [
      {
        "tabbable": true,
      },
      {
        "type": "submit",
      },
      {
        "disabled": false,
      },
      {
        "loading": false,
      },
      {
        "variant": "secondary",
      },
      {
        "icon": "arrow-head-right",
      },
      {
        "iconSource": null,
      },
      {
        "hideLabel": false,
      },
      {
        "theme": "light",
      },
      {
        "aria": null,
      },
    ],
    "styling": "jss",
  },
  "p-button-group": {
    "hasAriaProp": false,
    "hasObserveAttributes": false,
    "hasObserveChildren": false,
    "hasSlot": true,
    "hasSlottedCss": false,
    "isDelegatingFocus": false,
    "isInternal": false,
    "isThemeable": false,
    "props": [
      {
        "direction": "{ base: column, xs: row }",
      },
    ],
    "styling": "jss",
  },
  "p-button-pure": {
    "hasAriaProp": true,
    "hasObserveAttributes": false,
    "hasObserveChildren": false,
    "hasSlot": true,
    "hasSlottedCss": false,
    "isDelegatingFocus": true,
    "isInternal": false,
    "isThemeable": true,
    "props": [
      {
        "tabbable": true,
      },
      {
        "type": "submit",
      },
      {
        "disabled": false,
      },
      {
        "loading": false,
      },
      {
        "size": "small",
      },
      {
        "weight": "regular",
      },
      {
        "icon": "arrow-head-right",
      },
      {
        "iconSource": null,
      },
      {
        "active": false,
      },
      {
        "hideLabel": false,
      },
      {
        "alignLabel": "right",
      },
      {
        "stretch": false,
      },
      {
        "theme": "light",
      },
      {
        "aria": null,
      },
    ],
    "styling": "jss",
  },
  "p-carousel": {
    "hasAriaProp": false,
    "hasObserveAttributes": false,
    "hasObserveChildren": true,
    "hasSlot": true,
    "hasSlottedCss": false,
    "isDelegatingFocus": false,
    "isInternal": false,
    "isThemeable": true,
    "props": [
      {
        "heading": null,
      },
      {
        "description": null,
      },
      {
        "wrapContent": null,
      },
      {
        "slidesPerPage": "1",
      },
      {
        "disablePagination": false,
      },
      {
        "intl": "{}",
      },
      {
        "theme": "light",
      },
    ],
    "styling": "jss",
  },
  "p-checkbox-wrapper": {
    "hasAriaProp": false,
    "hasObserveAttributes": true,
    "hasObserveChildren": false,
    "hasSlot": true,
    "hasSlottedCss": true,
    "isDelegatingFocus": false,
    "isInternal": false,
    "isThemeable": false,
    "observedAttributes": [
      "disabled",
      "required",
    ],
    "props": [
      {
        "label": null,
      },
      {
        "state": "none",
      },
      {
        "message": null,
      },
      {
        "hideLabel": false,
      },
    ],
    "requiredChild": "input type=checkbox",
    "requiredChildSelector": "input[type=checkbox]",
    "styling": "jss",
  },
  "p-content-wrapper": {
    "hasAriaProp": false,
    "hasObserveAttributes": false,
    "hasObserveChildren": false,
    "hasSlot": true,
    "hasSlottedCss": false,
    "isDelegatingFocus": false,
    "isInternal": false,
    "isThemeable": true,
    "props": [
      {
        "width": "basic",
      },
      {
        "backgroundColor": "transparent",
      },
      {
        "theme": "light",
      },
    ],
    "styling": "jss",
  },
  "p-divider": {
    "hasAriaProp": false,
    "hasObserveAttributes": false,
    "hasObserveChildren": false,
    "hasSlot": false,
    "hasSlottedCss": false,
    "isDelegatingFocus": false,
    "isInternal": false,
    "isThemeable": true,
    "props": [
      {
        "color": "neutral-contrast-low",
      },
      {
        "orientation": "horizontal",
      },
      {
        "theme": "light",
      },
    ],
    "styling": "jss",
  },
  "p-fieldset-wrapper": {
    "hasAriaProp": false,
    "hasObserveAttributes": false,
    "hasObserveChildren": false,
    "hasSlot": true,
    "hasSlottedCss": false,
    "isDelegatingFocus": false,
    "isInternal": false,
    "isThemeable": false,
    "props": [
      {
        "label": null,
      },
      {
        "labelSize": "medium",
      },
      {
        "required": false,
      },
      {
        "state": "none",
      },
      {
        "message": null,
      },
    ],
    "styling": "jss",
  },
  "p-flex": {
    "hasAriaProp": false,
    "hasObserveAttributes": false,
    "hasObserveChildren": false,
    "hasSlot": true,
    "hasSlottedCss": false,
    "isDelegatingFocus": false,
    "isInternal": false,
    "isThemeable": false,
    "props": [
      {
        "inline": false,
      },
      {
        "wrap": "nowrap",
      },
      {
        "direction": "row",
      },
      {
        "justifyContent": "flex-start",
      },
      {
        "alignItems": "stretch",
      },
      {
        "alignContent": "stretch",
      },
    ],
    "styling": "jss",
  },
  "p-flex-item": {
    "hasAriaProp": false,
    "hasObserveAttributes": false,
    "hasObserveChildren": false,
    "hasSlot": true,
    "hasSlottedCss": false,
    "isDelegatingFocus": false,
    "isInternal": false,
    "isThemeable": false,
    "props": [
      {
        "width": "auto",
      },
      {
        "offset": "none",
      },
      {
        "alignSelf": "auto",
      },
      {
        "grow": "0",
      },
      {
        "shrink": "1",
      },
      {
        "flex": "initial",
      },
    ],
    "requiredParent": "p-flex",
    "styling": "jss",
  },
  "p-grid": {
    "hasAriaProp": false,
    "hasObserveAttributes": false,
    "hasObserveChildren": false,
    "hasSlot": true,
    "hasSlottedCss": false,
    "isDelegatingFocus": false,
    "isInternal": false,
    "isThemeable": false,
    "props": [
      {
        "direction": "row",
      },
      {
        "wrap": "wrap",
      },
      {
        "gutter": "{ base: 16, s: 24, m: 36 }",
      },
    ],
    "styling": "jss",
  },
  "p-grid-item": {
    "hasAriaProp": false,
    "hasObserveAttributes": false,
    "hasObserveChildren": false,
    "hasSlot": true,
    "hasSlottedCss": false,
    "isDelegatingFocus": false,
    "isInternal": false,
    "isThemeable": false,
    "props": [
      {
        "size": "1",
      },
      {
        "offset": "0",
      },
    ],
    "requiredParent": "p-grid",
    "styling": "jss",
  },
  "p-headline": {
    "hasAriaProp": false,
    "hasObserveAttributes": false,
    "hasObserveChildren": false,
    "hasSlot": true,
    "hasSlottedCss": true,
    "isDelegatingFocus": false,
    "isInternal": false,
    "isThemeable": true,
    "props": [
      {
        "variant": "headline-1",
      },
      {
        "tag": null,
      },
      {
        "align": "left",
      },
      {
        "color": "default",
      },
      {
        "ellipsis": false,
      },
      {
        "theme": "light",
      },
    ],
    "styling": "jss",
  },
  "p-icon": {
    "hasAriaProp": true,
    "hasObserveAttributes": false,
    "hasObserveChildren": false,
    "hasSlot": false,
    "hasSlottedCss": false,
    "isDelegatingFocus": false,
    "isInternal": false,
    "isThemeable": true,
    "props": [
      {
        "name": "arrow-head-right",
      },
      {
        "source": null,
      },
      {
        "color": "default",
      },
      {
        "size": "small",
      },
      {
        "lazy": false,
      },
      {
        "theme": "light",
      },
      {
        "aria": null,
      },
    ],
    "styling": "jss",
  },
  "p-inline-notification": {
    "hasAriaProp": false,
    "hasObserveAttributes": false,
    "hasObserveChildren": false,
    "hasSlot": true,
    "hasSlottedCss": true,
    "isDelegatingFocus": false,
    "isInternal": false,
    "isThemeable": true,
    "props": [
      {
        "heading": null,
      },
      {
        "description": null,
      },
      {
        "state": "neutral",
      },
      {
        "persistent": false,
      },
      {
        "actionLabel": null,
      },
      {
        "actionLoading": false,
      },
      {
        "actionIcon": "arrow-head-right",
      },
      {
        "theme": "light",
      },
    ],
    "styling": "jss",
  },
  "p-link": {
    "hasAriaProp": true,
    "hasObserveAttributes": false,
    "hasObserveChildren": false,
    "hasSlot": true,
    "hasSlottedCss": false,
    "isDelegatingFocus": true,
    "isInternal": false,
    "isThemeable": true,
    "props": [
      {
        "variant": "secondary",
      },
      {
        "icon": "arrow-head-right",
      },
      {
        "iconSource": null,
      },
      {
        "href": null,
      },
      {
        "theme": "light",
      },
      {
        "target": "_self",
      },
      {
        "download": null,
      },
      {
        "rel": null,
      },
      {
        "hideLabel": false,
      },
      {
        "aria": null,
      },
    ],
    "requiredProps": [
      "href",
    ],
    "styling": "jss",
  },
  "p-link-pure": {
    "hasAriaProp": true,
    "hasObserveAttributes": false,
    "hasObserveChildren": false,
    "hasSlot": true,
    "hasSlottedCss": true,
    "isDelegatingFocus": true,
    "isInternal": false,
    "isThemeable": true,
    "props": [
      {
        "alignLabel": "right",
      },
      {
        "stretch": false,
      },
      {
        "size": "small",
      },
      {
        "weight": "regular",
      },
      {
        "icon": "arrow-head-right",
      },
      {
        "iconSource": null,
      },
      {
        "href": null,
      },
      {
        "active": false,
      },
      {
        "hideLabel": false,
      },
      {
        "theme": "light",
      },
      {
        "target": "_self",
      },
      {
        "download": null,
      },
      {
        "rel": null,
      },
      {
        "aria": null,
      },
    ],
    "requiredProps": [
      "href",
    ],
    "styling": "jss",
  },
  "p-link-social": {
    "hasAriaProp": false,
    "hasObserveAttributes": false,
    "hasObserveChildren": false,
    "hasSlot": true,
    "hasSlottedCss": false,
    "isDelegatingFocus": true,
    "isInternal": false,
    "isThemeable": true,
    "props": [
      {
        "icon": null,
      },
      {
        "iconSource": null,
      },
      {
        "href": null,
      },
      {
        "theme": "light",
      },
      {
        "target": "_self",
      },
      {
        "rel": null,
      },
      {
        "hideLabel": false,
      },
    ],
    "requiredProps": [
      "href",
    ],
    "styling": "jss",
  },
  "p-link-tile": {
    "hasAriaProp": true,
    "hasObserveAttributes": false,
    "hasObserveChildren": false,
    "hasSlot": true,
    "hasSlottedCss": true,
    "isDelegatingFocus": true,
    "isInternal": false,
    "isThemeable": false,
    "props": [
      {
        "size": "default",
      },
      {
        "weight": "semibold",
      },
      {
        "aspectRatio": "4:3",
      },
      {
        "label": null,
      },
      {
        "description": null,
      },
      {
        "align": "bottom",
      },
      {
        "gradient": true,
      },
      {
        "compact": false,
      },
      {
        "href": null,
      },
      {
        "target": "_self",
      },
      {
        "download": null,
      },
      {
        "rel": null,
      },
      {
        "aria": null,
      },
    ],
    "requiredProps": [
      "label",
      "description",
      "href",
    ],
    "styling": "jss",
  },
  "p-marque": {
    "hasAriaProp": true,
    "hasObserveAttributes": false,
    "hasObserveChildren": false,
    "hasSlot": false,
    "hasSlottedCss": false,
    "isDelegatingFocus": true,
    "isInternal": false,
    "isThemeable": false,
    "props": [
      {
        "trademark": true,
      },
      {
        "size": "responsive",
      },
      {
        "href": null,
      },
      {
        "target": "_self",
      },
      {
        "aria": null,
      },
    ],
    "styling": "jss",
  },
  "p-modal": {
    "hasAriaProp": true,
    "hasObserveAttributes": false,
    "hasObserveChildren": false,
    "hasSlot": true,
    "hasSlottedCss": true,
    "isDelegatingFocus": false,
    "isInternal": false,
    "isThemeable": false,
    "props": [
      {
        "disableCloseButton": false,
      },
      {
        "disableBackdropClick": false,
      },
      {
        "heading": null,
      },
      {
        "fullscreen": false,
      },
      {
        "aria": null,
      },
    ],
    "styling": "jss",
  },
  "p-pagination": {
    "hasAriaProp": false,
    "hasObserveAttributes": false,
    "hasObserveChildren": false,
    "hasSlot": false,
    "hasSlottedCss": false,
    "isDelegatingFocus": true,
    "isInternal": false,
    "isThemeable": true,
    "props": [
      {
        "activePage": "1",
      },
      {
        "allyLabel": "Pagination",
      },
      {
        "allyLabelPrev": "Previous page",
      },
      {
        "allyLabelPage": "Page",
      },
      {
        "allyLabelNext": "Next page",
      },
      {
        "theme": "light",
      },
    ],
    "styling": "jss",
  },
  "p-popover": {
    "hasAriaProp": true,
    "hasObserveAttributes": false,
    "hasObserveChildren": false,
    "hasSlot": true,
    "hasSlottedCss": true,
    "isDelegatingFocus": false,
    "isInternal": false,
    "isThemeable": false,
    "props": [
      {
        "direction": "bottom",
      },
      {
        "description": null,
      },
      {
        "aria": null,
      },
    ],
    "styling": "jss",
  },
  "p-radio-button-wrapper": {
    "hasAriaProp": false,
    "hasObserveAttributes": true,
    "hasObserveChildren": false,
    "hasSlot": true,
    "hasSlottedCss": true,
    "isDelegatingFocus": false,
    "isInternal": false,
    "isThemeable": false,
    "observedAttributes": [
      "disabled",
      "required",
    ],
    "props": [
      {
        "label": null,
      },
      {
        "state": "none",
      },
      {
        "message": null,
      },
      {
        "hideLabel": false,
      },
    ],
    "requiredChild": "input type=radio",
    "requiredChildSelector": "input[type=radio]",
    "styling": "jss",
  },
  "p-scroller": {
    "hasAriaProp": false,
    "hasObserveAttributes": false,
    "hasObserveChildren": false,
    "hasSlot": true,
    "hasSlottedCss": false,
    "isDelegatingFocus": false,
    "isInternal": false,
    "isThemeable": true,
    "props": [
      {
        "theme": "light",
      },
      {
        "gradientColorScheme": "default",
      },
      {
        "scrollToPosition": null,
      },
      {
        "scrollIndicatorPosition": "center",
      },
    ],
    "styling": "jss",
  },
  "p-segmented-control": {
    "hasAriaProp": false,
    "hasObserveAttributes": false,
    "hasObserveChildren": true,
    "hasSlot": true,
    "hasSlottedCss": false,
    "isDelegatingFocus": false,
    "isInternal": false,
    "isThemeable": true,
    "props": [
      {
        "backgroundColor": "background-default",
      },
      {
        "theme": "light",
      },
      {
        "value": null,
      },
    ],
    "styling": "jss",
  },
  "p-segmented-control-item": {
    "hasAriaProp": false,
    "hasObserveAttributes": false,
    "hasObserveChildren": false,
    "hasSlot": true,
    "hasSlottedCss": false,
    "isDelegatingFocus": true,
    "isInternal": false,
    "isThemeable": false,
    "props": [
      {
        "value": null,
      },
      {
        "disabled": false,
      },
      {
        "label": null,
      },
      {
        "icon": null,
      },
      {
        "iconSource": null,
      },
    ],
    "requiredParent": "p-segmented-control",
    "requiredProps": [
      "value",
    ],
    "styling": "jss",
  },
  "p-select-wrapper": {
    "hasAriaProp": false,
    "hasObserveAttributes": true,
    "hasObserveChildren": false,
    "hasSlot": true,
    "hasSlottedCss": true,
    "isDelegatingFocus": false,
    "isInternal": false,
    "isThemeable": true,
    "observedAttributes": [
      "disabled",
      "required",
    ],
    "props": [
      {
        "label": null,
      },
      {
        "description": null,
      },
      {
        "state": "none",
      },
      {
        "message": null,
      },
      {
        "hideLabel": false,
      },
      {
        "filter": false,
      },
      {
        "theme": "light",
      },
      {
        "dropdownDirection": "auto",
      },
      {
        "native": false,
      },
    ],
    "requiredChild": "select",
    "requiredChildSelector": "select",
    "styling": "jss",
  },
  "p-select-wrapper-dropdown": {
    "hasAriaProp": false,
    "hasObserveAttributes": false,
    "hasObserveChildren": true,
    "hasSlot": false,
    "hasSlottedCss": false,
    "isDelegatingFocus": false,
    "isInternal": true,
    "isThemeable": true,
    "props": [
      {
        "selectRef": null,
      },
      {
        "label": null,
      },
      {
        "description": null,
      },
      {
        "message": null,
      },
      {
        "state": null,
      },
      {
        "direction": "auto",
      },
      {
        "theme": "light",
      },
      {
        "filter": false,
      },
      {
        "required": false,
      },
      {
        "disabled": false,
      },
      {
        "onOpenChange": null,
      },
      {
        "isOpenOverride": false,
      },
    ],
    "requiredProps": [
      "onOpenChange",
    ],
    "requiredRootNode": [
      "p-select-wrapper",
    ],
    "styling": "jss",
  },
  "p-spinner": {
    "hasAriaProp": true,
    "hasObserveAttributes": false,
    "hasObserveChildren": false,
    "hasSlot": false,
    "hasSlottedCss": false,
    "isDelegatingFocus": false,
    "isInternal": false,
    "isThemeable": true,
    "props": [
      {
        "size": "small",
      },
      {
        "theme": "light",
      },
      {
        "aria": null,
      },
    ],
    "styling": "jss",
  },
  "p-stepper-horizontal": {
    "hasAriaProp": false,
    "hasObserveAttributes": false,
    "hasObserveChildren": true,
    "hasSlot": true,
    "hasSlottedCss": false,
    "isDelegatingFocus": false,
    "isInternal": false,
    "isThemeable": true,
    "props": [
      {
        "size": "small",
      },
      {
        "theme": "light",
      },
    ],
    "styling": "jss",
  },
  "p-stepper-horizontal-item": {
    "hasAriaProp": false,
    "hasObserveAttributes": false,
    "hasObserveChildren": false,
    "hasSlot": true,
    "hasSlottedCss": false,
    "isDelegatingFocus": true,
    "isInternal": false,
    "isThemeable": false,
    "props": [
      {
        "state": null,
      },
      {
        "disabled": false,
      },
    ],
    "requiredParent": "p-stepper-horizontal",
    "styling": "jss",
  },
  "p-switch": {
    "hasAriaProp": false,
    "hasObserveAttributes": false,
    "hasObserveChildren": false,
    "hasSlot": true,
    "hasSlottedCss": false,
    "isDelegatingFocus": true,
    "isInternal": false,
    "isThemeable": true,
    "props": [
      {
        "alignLabel": "right",
      },
      {
        "hideLabel": false,
      },
      {
        "stretch": false,
      },
      {
        "checked": false,
      },
      {
        "disabled": false,
      },
      {
        "loading": false,
      },
      {
        "tabbable": true,
      },
      {
        "theme": "light",
      },
    ],
    "styling": "jss",
  },
  "p-table": {
    "hasAriaProp": false,
    "hasObserveAttributes": false,
    "hasObserveChildren": false,
    "hasSlot": true,
    "hasSlottedCss": true,
    "isDelegatingFocus": false,
    "isInternal": false,
    "isThemeable": false,
    "props": [
      {
        "caption": null,
      },
    ],
    "styling": "jss",
  },
  "p-table-body": {
    "hasAriaProp": false,
    "hasObserveAttributes": false,
    "hasObserveChildren": false,
    "hasSlot": true,
    "hasSlottedCss": false,
    "isDelegatingFocus": false,
    "isInternal": false,
    "isThemeable": false,
    "requiredParent": "p-table",
    "styling": "jss",
  },
  "p-table-cell": {
    "hasAriaProp": false,
    "hasObserveAttributes": false,
    "hasObserveChildren": false,
    "hasSlot": true,
    "hasSlottedCss": false,
    "isDelegatingFocus": false,
    "isInternal": false,
    "isThemeable": false,
    "props": [
      {
        "multiline": false,
      },
    ],
    "requiredParent": "p-table-row",
    "styling": "jss",
  },
  "p-table-head": {
    "hasAriaProp": false,
    "hasObserveAttributes": false,
    "hasObserveChildren": false,
    "hasSlot": true,
    "hasSlottedCss": false,
    "isDelegatingFocus": false,
    "isInternal": false,
    "isThemeable": false,
    "requiredParent": "p-table",
    "styling": "jss",
  },
  "p-table-head-cell": {
    "hasAriaProp": false,
    "hasObserveAttributes": false,
    "hasObserveChildren": false,
    "hasSlot": true,
    "hasSlottedCss": false,
    "isDelegatingFocus": false,
    "isInternal": false,
    "isThemeable": false,
    "props": [
      {
        "sort": null,
      },
      {
        "hideLabel": false,
      },
      {
        "multiline": false,
      },
    ],
    "requiredParent": "p-table-head-row",
    "styling": "jss",
  },
  "p-table-head-row": {
    "hasAriaProp": false,
    "hasObserveAttributes": false,
    "hasObserveChildren": false,
    "hasSlot": true,
    "hasSlottedCss": false,
    "isDelegatingFocus": false,
    "isInternal": false,
    "isThemeable": false,
    "requiredParent": "p-table-head",
    "styling": "jss",
  },
  "p-table-row": {
    "hasAriaProp": false,
    "hasObserveAttributes": false,
    "hasObserveChildren": false,
    "hasSlot": true,
    "hasSlottedCss": false,
    "isDelegatingFocus": false,
    "isInternal": false,
    "isThemeable": false,
    "requiredParent": "p-table-body",
    "styling": "jss",
  },
  "p-tabs": {
    "hasAriaProp": false,
    "hasObserveAttributes": false,
    "hasObserveChildren": true,
    "hasSlot": true,
    "hasSlottedCss": false,
    "isDelegatingFocus": false,
    "isInternal": false,
    "isThemeable": true,
    "props": [
      {
        "size": "small",
      },
      {
        "weight": "regular",
      },
      {
        "theme": "light",
      },
      {
        "gradientColorScheme": "default",
      },
      {
        "activeTabIndex": "0",
      },
    ],
    "styling": "jss",
  },
  "p-tabs-bar": {
    "hasAriaProp": false,
    "hasObserveAttributes": false,
    "hasObserveChildren": true,
    "hasSlot": true,
    "hasSlottedCss": false,
    "isDelegatingFocus": false,
    "isInternal": false,
    "isThemeable": true,
    "props": [
      {
        "size": "small",
      },
      {
        "weight": "regular",
      },
      {
        "theme": "light",
      },
      {
        "gradientColorScheme": "default",
      },
      {
        "activeTabIndex": null,
      },
    ],
    "styling": "jss",
  },
  "p-tabs-item": {
    "hasAriaProp": false,
    "hasObserveAttributes": false,
    "hasObserveChildren": false,
    "hasSlot": true,
    "hasSlottedCss": false,
    "isDelegatingFocus": false,
    "isInternal": false,
    "isThemeable": false,
    "props": [
      {
        "label": null,
      },
    ],
    "requiredParent": "p-tabs",
    "requiredProps": [
      "label",
    ],
    "styling": "jss",
  },
  "p-tag": {
    "hasAriaProp": false,
    "hasObserveAttributes": false,
    "hasObserveChildren": false,
    "hasSlot": true,
    "hasSlottedCss": false,
    "isDelegatingFocus": false,
    "isInternal": false,
    "isThemeable": true,
    "props": [
      {
        "theme": "light",
      },
      {
        "color": "background-surface",
      },
      {
        "icon": null,
      },
      {
        "iconSource": null,
      },
    ],
    "styling": "jss",
  },
  "p-tag-dismissible": {
    "hasAriaProp": true,
    "hasObserveAttributes": false,
    "hasObserveChildren": false,
    "hasSlot": true,
    "hasSlottedCss": false,
    "isDelegatingFocus": true,
    "isInternal": false,
    "isThemeable": false,
    "props": [
      {
        "color": "background-surface",
      },
      {
        "label": null,
      },
      {
        "aria": null,
      },
    ],
    "styling": "jss",
  },
  "p-text": {
    "hasAriaProp": false,
    "hasObserveAttributes": false,
    "hasObserveChildren": false,
    "hasSlot": true,
    "hasSlottedCss": true,
    "isDelegatingFocus": false,
    "isInternal": false,
    "isThemeable": true,
    "props": [
      {
        "tag": "p",
      },
      {
        "size": "small",
      },
      {
        "weight": "regular",
      },
      {
        "align": "left",
      },
      {
        "color": "default",
      },
      {
        "ellipsis": false,
      },
      {
        "theme": "light",
      },
    ],
    "styling": "jss",
  },
  "p-text-field-wrapper": {
    "hasAriaProp": false,
    "hasObserveAttributes": true,
    "hasObserveChildren": false,
    "hasSlot": true,
    "hasSlottedCss": true,
    "isDelegatingFocus": false,
    "isInternal": false,
    "isThemeable": false,
    "observedAttributes": [
      "disabled",
      "readonly",
      "required",
    ],
    "props": [
      {
        "label": null,
      },
      {
        "unit": null,
      },
      {
        "unitPosition": "prefix",
      },
      {
        "description": null,
      },
      {
        "state": "none",
      },
      {
        "message": null,
      },
      {
        "hideLabel": false,
      },
      {
        "showCharacterCount": true,
      },
      {
        "actionIcon": null,
      },
      {
        "actionLoading": false,
      },
    ],
    "requiredChild": "input type=text",
    "requiredChildSelector": "input[type=text],input[type=number],input[type=email],input[type=tel],input[type=search],input[type=url],input[type=date],input[type=time],input[type=month],input[type=week],input[type=password]",
    "styling": "jss",
  },
  "p-text-list": {
    "hasAriaProp": false,
    "hasObserveAttributes": false,
    "hasObserveChildren": false,
    "hasSlot": true,
    "hasSlottedCss": true,
    "isDelegatingFocus": false,
    "isInternal": false,
    "isThemeable": true,
    "props": [
      {
        "listType": "unordered",
      },
      {
        "orderType": "numbered",
      },
      {
        "theme": "light",
      },
    ],
    "styling": "jss",
  },
  "p-text-list-item": {
    "hasAriaProp": false,
    "hasObserveAttributes": false,
    "hasObserveChildren": false,
    "hasSlot": true,
    "hasSlottedCss": false,
    "isDelegatingFocus": false,
    "isInternal": false,
    "isThemeable": false,
    "requiredParent": "p-text-list",
    "styling": "jss",
  },
  "p-textarea-wrapper": {
    "hasAriaProp": false,
    "hasObserveAttributes": true,
    "hasObserveChildren": false,
    "hasSlot": true,
    "hasSlottedCss": true,
    "isDelegatingFocus": false,
    "isInternal": false,
    "isThemeable": false,
    "observedAttributes": [
      "disabled",
      "readonly",
      "required",
    ],
    "props": [
      {
        "label": null,
      },
      {
        "description": null,
      },
      {
        "state": "none",
      },
      {
        "message": null,
      },
      {
        "hideLabel": false,
      },
      {
        "showCharacterCount": true,
      },
    ],
    "requiredChild": "textarea",
    "requiredChildSelector": "textarea",
    "styling": "jss",
  },
  "p-toast": {
    "hasAriaProp": false,
    "hasObserveAttributes": false,
    "hasObserveChildren": false,
    "hasSlot": false,
    "hasSlottedCss": false,
    "isDelegatingFocus": false,
    "isInternal": false,
    "isThemeable": true,
    "props": [
      {
        "theme": "light",
      },
    ],
    "styling": "jss",
  },
  "p-toast-item": {
    "hasAriaProp": false,
    "hasObserveAttributes": false,
    "hasObserveChildren": false,
    "hasSlot": false,
    "hasSlottedCss": false,
    "isDelegatingFocus": false,
    "isInternal": true,
    "isThemeable": true,
    "props": [
      {
        "text": null,
      },
      {
        "state": "neutral",
      },
      {
        "theme": "light",
      },
    ],
    "requiredRootNode": [
      "p-toast",
    ],
    "styling": "jss",
  },
}
`;
