// Jest Snapshot v1, https://goo.gl/fbAQLP

exports[`should have no regression for dependency tree 1`] = `
{
  "data/table-data-advanced.js": [],
  "data/table-data-basic.js": [],
  "data/table-data-sorting.js": [],
  "data/table-data-vrt.js": [],
  "index.js": [
    "data/table-data-advanced.js",
    "data/table-data-basic.js",
    "data/table-data-sorting.js",
    "data/table-data-vrt.js",
    "lib/codeSamples.js",
    "lib/componentMeta.js",
    "lib/tagNames.js",
    "styles/getMinifiedCss.js",
  ],
  "lib/codeSamples.js": [],
  "lib/componentMeta.js": [],
  "lib/tagNames.js": [],
  "styles/getMinifiedCss.js": [],
}
`;
