// Jest Snapshot v1, https://goo.gl/fbAQLP

exports[`should contain correct values for color 1`] = `
{
  "background": {
    "default": "#fff",
    "shading": "rgba(14, 20, 24, 0.9)",
    "surface": "#f2f2f2",
  },
  "brand": "#d5001c",
  "darkTheme": {
    "background": {
      "default": "#0e1418",
      "shading": "rgba(14, 20, 24, 0.9)",
      "surface": "#262b2e",
    },
    "brand": "#d5001c",
    "default": "#fff",
    "neutralContrast": {
      "high": "#e3e4e5",
      "low": "#4a4e51",
      "medium": "#b0b1b2",
    },
    "notification": {
      "error": "#fc1717",
      "errorSoft": "#fec5c5",
      "neutral": "#2193ff",
      "neutralSoft": "#c7e4ff",
      "success": "#01ba1d",
      "successSoft": "#bfeec6",
      "warning": "#ff9b00",
      "warningSoft": "#ffe6bf",
    },
    "state": {
      "active": "#ff0223",
      "disabled": "#7c7f81",
      "focus": "currentColor",
      "hover": "#ff0223",
    },
  },
  "default": "#000",
  "external": {
    "facebook": "#1877f2",
    "google": "#4285f4",
    "instagram": "#e1306c",
    "kakaotalk": "#fae300",
    "linkedin": "#0077b5",
    "naver": "#03cf5d",
    "pinterest": "#e60023",
    "reddit": "#ff4500",
    "tiktok": "#fe2c55",
    "twitter": "#1da1f2",
    "wechat": "#1aad19",
    "whatsapp": "#25d366",
    "xing": "#006567",
    "youtube": "#ff0000",
  },
  "neutralContrast": {
    "high": "#323639",
    "low": "#e3e4e5",
    "medium": "#626669",
  },
  "notification": {
    "error": "#e00000",
    "errorSoft": "#fae6e6",
    "neutral": "#0061bd",
    "neutralSoft": "#e5eff8",
    "success": "#018a16",
    "successSoft": "#e5f3e7",
    "warning": "#ff9b00",
    "warningSoft": "#fff5e5",
  },
  "state": {
    "active": "#d5001c",
    "disabled": "#96989a",
    "focus": "currentColor",
    "hover": "#d5001c",
  },
}
`;

exports[`should contain correct values for font 1`] = `
{
  "family": "'Porsche Next','Arial Narrow',Arial,'Heiti SC',SimHei,sans-serif",
  "size": {
    "12": {
      "fontSize": "0.75rem",
      "lineHeight": "calc(6px + 2.125ex)",
    },
    "16": {
      "fontSize": "1rem",
      "lineHeight": "calc(6px + 2.125ex)",
    },
    "18": {
      "fontSize": "1.125rem",
      "lineHeight": "calc(6px + 2.125ex)",
    },
    "20": {
      "fontSize": "1.25rem",
      "lineHeight": "calc(6px + 2.125ex)",
    },
    "22": {
      "fontSize": "1.375rem",
      "lineHeight": "calc(6px + 2.125ex)",
    },
    "24": {
      "fontSize": "1.5rem",
      "lineHeight": "calc(6px + 2.125ex)",
    },
    "28": {
      "fontSize": "1.75rem",
      "lineHeight": "calc(6px + 2.125ex)",
    },
    "30": {
      "fontSize": "1.875rem",
      "lineHeight": "calc(6px + 2.125ex)",
    },
    "32": {
      "fontSize": "2rem",
      "lineHeight": "calc(6px + 2.125ex)",
    },
    "36": {
      "fontSize": "2.25rem",
      "lineHeight": "calc(6px + 2.125ex)",
    },
    "42": {
      "fontSize": "2.625rem",
      "lineHeight": "calc(6px + 2.125ex)",
    },
    "44": {
      "fontSize": "2.75rem",
      "lineHeight": "calc(6px + 2.125ex)",
    },
    "48": {
      "fontSize": "3rem",
      "lineHeight": "calc(6px + 2.125ex)",
    },
    "52": {
      "fontSize": "3.25rem",
      "lineHeight": "calc(6px + 2.125ex)",
    },
    "60": {
      "fontSize": "3.75rem",
      "lineHeight": "calc(6px + 2.125ex)",
    },
    "62": {
      "fontSize": "3.875rem",
      "lineHeight": "calc(6px + 2.125ex)",
    },
    "72": {
      "fontSize": "4.5rem",
      "lineHeight": "calc(6px + 2.125ex)",
    },
    "84": {
      "fontSize": "5.25rem",
      "lineHeight": "calc(6px + 2.125ex)",
    },
    "large": {
      "fontSize": "2.25rem",
      "lineHeight": "calc(6px + 2.125ex)",
    },
    "medium": {
      "fontSize": "1.5rem",
      "lineHeight": "calc(6px + 2.125ex)",
    },
    "small": {
      "fontSize": "1rem",
      "lineHeight": "calc(6px + 2.125ex)",
    },
    "xLarge": {
      "fontSize": "3.25rem",
      "lineHeight": "calc(6px + 2.125ex)",
    },
    "xSmall": {
      "fontSize": "0.75rem",
      "lineHeight": "calc(6px + 2.125ex)",
    },
  },
  "weight": {
    "bold": 700,
    "regular": 400,
    "semibold": 600,
    "thin": 100,
  },
}
`;

exports[`should contain correct values for layout 1`] = `
{
  "large": "2rem",
  "medium": "1rem",
  "small": "0.5rem",
  "xLarge": "3rem",
  "xSmall": "0.25rem",
  "xxLarge": "5rem",
}
`;

exports[`should contain correct values for spacing 1`] = `
{
  "16": "1rem",
  "24": "1.5rem",
  "32": "2rem",
  "4": "0.25rem",
  "40": "2.5rem",
  "48": "3rem",
  "56": "3.5rem",
  "64": "4rem",
  "72": "4.5rem",
  "8": "0.5rem",
  "80": "5rem",
}
`;
