// Jest Snapshot v1, https://goo.gl/fbAQLP

exports[`getLinkButtonThemeForIcon() should return correct theme for variant: primary and theme: dark 1`] = `"light"`;

exports[`getLinkButtonThemeForIcon() should return correct theme for variant: primary and theme: light 1`] = `"dark"`;

exports[`getLinkButtonThemeForIcon() should return correct theme for variant: secondary and theme: dark 1`] = `"dark"`;

exports[`getLinkButtonThemeForIcon() should return correct theme for variant: secondary and theme: light 1`] = `"light"`;

exports[`getLinkButtonThemeForIcon() should return correct theme for variant: tertiary and theme: dark 1`] = `"dark"`;

exports[`getLinkButtonThemeForIcon() should return correct theme for variant: tertiary and theme: light 1`] = `"light"`;
