// Jest Snapshot v1, https://goo.gl/fbAQLP

exports[`getAnimationIn() should return correct JssStyle for keyframesName: mobileIn and durationVar: --p-duration 1`] = `
{
  "animation": "var(--p-duration,600ms) $mobileIn cubic-bezier(0.45,0,0.55,1) forwards",
}
`;

exports[`getAnimationIn() should return correct JssStyle for keyframesName: mobileIn and durationVar: null 1`] = `
{
  "animation": "600ms $mobileIn cubic-bezier(0.45,0,0.55,1) forwards",
}
`;

exports[`getAnimationOut() should return correct JssStyle 1`] = `
{
  "animation": "600ms $mobileOut cubic-bezier(0.5,1,0.89,1) forwards !important",
}
`;

exports[`getKeyframesMobile() should return correct JssStyle for direction: in and bottomVar: --p-bottom-var 1`] = `
{
  "from": {
    "opacity": 0,
    "transform": "translate3d(0,calc(var(--p-bottom-var) + 100%),0)",
  },
  "to": {
    "opacity": 1,
    "transform": "translate3d(0,0,0)",
  },
}
`;

exports[`getKeyframesMobile() should return correct JssStyle for direction: out and bottomVar: --p-bottom-var 1`] = `
{
  "from": {
    "opacity": 1,
    "transform": "translate3d(0,0,0)",
  },
  "to": {
    "opacity": 0,
    "transform": "translate3d(0,calc(var(--p-bottom-var) + 100%),0)",
  },
}
`;
