// Jest Snapshot v1, https://goo.gl/fbAQLP

exports[`accessibility should expose correct accessibility tree if accessibility properties are set 1`] = `
{
  "description": "Some description",
  "name": "Some more detailed label",
  "role": "link",
}
`;

exports[`accessibility should expose correct initial accessibility tree properties 1`] = `
{
  "children": [
    {
      "children": [
        {
          "children": [
            {
              "name": "",
              "role": "img",
            },
          ],
          "role": "none",
        },
      ],
      "name": "",
      "role": "generic",
    },
    {
      "children": [
        {
          "children": [
            {
              "name": "Some description",
              "role": "StaticText",
            },
          ],
          "name": "",
          "role": "paragraph",
        },
        {
          "children": [
            {
              "children": [
                {
                  "children": [
                    {
                      "children": [
                        {
                          "children": [
                            {
                              "role": "none",
                            },
                          ],
                          "role": "none",
                        },
                      ],
                      "role": "none",
                    },
                  ],
                  "role": "none",
                },
                {
                  "children": [
                    {
                      "children": [
                        {
                          "children": [
                            {
                              "name": "Some label",
                              "role": "StaticText",
                            },
                          ],
                          "description": "Some description",
                          "name": "Some label",
                          "role": "link",
                        },
                      ],
                      "role": "none",
                    },
                  ],
                  "role": "none",
                },
              ],
              "role": "none",
            },
          ],
          "role": "none",
        },
      ],
      "name": "",
      "role": "generic",
    },
  ],
  "name": "",
  "role": "generic",
}
`;
