// Jest Snapshot v1, https://goo.gl/fbAQLP

exports[`getComponentCss() should return correct css 1`] = `
":host {
  display: block !important;
}
:host([hidden]) {
  display: none !important;
}
.caption {
  margin-bottom: 8px;
}
.root {
  position: relative;
}
.scroll-area {
  overflow: auto visible;
  outline: 1px solid transparent;
  outline-offset: -1px;
}
.scroll-area::-moz-focus-inner {
  border: 0;
}
.scroll-area:focus {
  outline-color: currentColor;
}
.scroll-area:focus:not(:focus-visible) {
  outline-color: transparent;
}
.table {
  position: relative;
  width: 100%;
  display: table;
  font: normal normal 400 1rem/calc(6px + 2.125ex) 'Porsche Next','Arial Narrow',Arial,'Heiti SC',SimHei,sans-serif;
  overflow-wrap: break-word;
  hyphens: auto;
  text-align: left;
  color: #010205;
  white-space: nowrap;
}
.scroll-trigger {
  position: absolute;
  top: 0;
  right: 1px;
  width: 1px;
  height: 1px;
  visibility: hidden;
}
.scroll-indicator {
  position: absolute;
  top: 0;
  right: 0;
  bottom: 0;
  padding-left: 32px;
  pointer-events: none;
  display: flex;
  align-items: center;
  background: linear-gradient(90deg, rgba(255, 255, 255, 0) 0%, rgba(255, 255, 255, 1) 50%);
}
.scroll-indicator::before {
  content: "";
  position: absolute;
  top: 0;
  right: 0;
  bottom: 0;
  width: 3rem;
  pointer-events: auto;
}
.scroll-button {
  padding: 0.75rem;
  pointer-events: auto;
}
@media(min-width:1000px) {
  .caption {
    margin-bottom: 16px;
  }
}
"
`;
