// Jest Snapshot v1, https://goo.gl/fbAQLP

exports[`should return correct jss styles 1`] = `
{
  "&([hidden])": {
    "display": "none",
  },
}
`;
