// Jest Snapshot v1, https://goo.gl/fbAQLP

exports[`getComponentCss() should return correct css 1`] = `
":host {
  display: list-item !important;
  position: relative !important;
  font: inherit !important;
  color: inherit !important;
  list-style-type: inherit !important;
  padding-left: 16px !important;
}
:host([hidden]) {
  display: none !important;
}
::slotted(*) {
  --p-internal-text-list-pseudo-suffix: "" !important;
}"
`;
